<?xml version="1.0" encoding="UTF-8"?>
<TestRun id="77a55000-b0a6-41bf-a0c9-97871ce3fcfa" name="Jan@PUTO 2012-04-19 10:53:17" runUser="PuTo\Jan" xmlns="http://microsoft.com/schemas/VisualStudio/TeamTest/2010">
  <TestSettings name="Local Test Run" id="39198a4b-6277-4aef-87ed-d59e010881d7">
    <Description>This is a default test run configuration for a local test run.</Description>
    <Deployment userDeploymentRoot="C:\Users\Jan\Documents\Visual Studio 2010\Projects\navalwar-backend\NWmanager\TestResults" useDefaultDeploymentRoot="false" runDeploymentRoot="Jan_PUTO 2012-04-19 10_53_17">
      <DeploymentItem filename="C:\Users\Jan\Documents\Visual Studio 2010\Projects\navalwar-backend\NWmanager\NWData\bin\Debug\NWData.dll" />
      <DeploymentItem filename="C:\Users\Jan\Documents\Visual Studio 2010\Projects\navalwar-backend\NWmanager\NWComms\bin\Debug\NWComms.dll" />
    </Deployment>
    <Execution>
      <TestTypeSpecific />
      <AgentRule name="Execution Agents">
      </AgentRule>
    </Execution>
  </TestSettings>
  <Times creation="2012-04-19T10:53:17.2140983+02:00" queuing="2012-04-19T10:53:17.4681129+02:00" start="2012-04-19T10:53:17.5071151+02:00" finish="2012-04-19T10:53:20.5912915+02:00" />
  <ResultSummary outcome="Completed">
    <Counters total="1" executed="1" passed="1" error="0" failed="0" timeout="0" aborted="0" inconclusive="0" passedButRunAborted="0" notRunnable="0" notExecuted="0" disconnected="0" warning="0" completed="0" inProgress="0" pending="0" />
  </ResultSummary>
  <TestDefinitions>
    <UnitTest name="VisualDetection" storage="c:\users\jan\documents\visual studio 2010\projects\navalwar-backend\nwmanager\nwmanagertest\bin\debug\nwmanagertest.dll" id="8dbfad4e-029c-a83b-72d4-030aeb61f96a">
      <Execution id="cb70494d-148a-4d1e-9589-1a019f59196f" />
      <TestMethod codeBase="C:/Users/Jan/Documents/Visual Studio 2010/Projects/navalwar-backend/NWmanager/NWManagerTest/bin/Debug/NWManagerTest.DLL" adapterTypeName="Microsoft.VisualStudio.TestTools.TestTypes.Unit.UnitTestAdapter, Microsoft.VisualStudio.QualityTools.Tips.UnitTest.Adapter, Version=10.0.0.0, Culture=neutral, PublicKeyToken=b03f5f7f11d50a3a" className="NWManagerTest.DetectionTest, NWManagerTest, Version=1.0.0.0, Culture=neutral, PublicKeyToken=null" name="VisualDetection" />
    </UnitTest>
  </TestDefinitions>
  <TestLists>
    <TestList name="Results Not in a List" id="8c84fa94-04c1-424b-9868-57a2d4851a1d" />
    <TestList name="All Loaded Results" id="19431567-8539-422a-85d7-44ee4e166bda" />
  </TestLists>
  <TestEntries>
    <TestEntry testId="8dbfad4e-029c-a83b-72d4-030aeb61f96a" executionId="cb70494d-148a-4d1e-9589-1a019f59196f" testListId="8c84fa94-04c1-424b-9868-57a2d4851a1d" />
  </TestEntries>
  <Results>
    <UnitTestResult executionId="cb70494d-148a-4d1e-9589-1a019f59196f" testId="8dbfad4e-029c-a83b-72d4-030aeb61f96a" testName="VisualDetection" computerName="PUTO" duration="00:00:02.7596006" startTime="2012-04-19T10:53:17.5231160+02:00" endTime="2012-04-19T10:53:20.5442888+02:00" testType="13cdc9d9-ddb5-4fa4-a97d-d965ccfc6d4b" outcome="Passed" testListId="8c84fa94-04c1-424b-9868-57a2d4851a1d" relativeResultsDirectory="cb70494d-148a-4d1e-9589-1a019f59196f">
    </UnitTestResult>
  </Results>
</TestRun>